[smpn2blitarkota.us.to_2030/index.html]
[backblue.gif]
[fade.gif]
[index.html]
[smpn2blitarkota.us.to_2030/theme/image.php/boost/theme/1652189928/favicon.ico]
[smpn2blitarkota.us.to_2030/theme/combo77f0]
[smpn2blitarkota.us.to_2030/theme/styles.php/boost/1652189928_1/styles.php]
[smpn2blitarkota.us.to_2030/lib/javascript.php/1648805033/lib/polyfills/javascript.php]
[smpn2blitarkota.us.to_2030/lib/javascript.php/1648805033/lib/babel-polyfill/javascript.php]
[smpn2blitarkota.us.to_2030/lib/javascript.php/1648805033/lib/javascript.php]
[smpn2blitarkota.us.to_2030/pluginfile.php/1/core_admin/logocompact/300x300/1652189928/logosmp11.png]
[smpn2blitarkota.us.to_2030/login/index.html]
[smpn2blitarkota.us.to_2030/theme/combo245a]
[smpn2blitarkota.us.to_2030/course/indexdb90.html]
[smpn2blitarkota.us.to_2030/course/index186a.html]
[external.html]
[smpn2blitarkota.us.to_2030/theme/image.php/boost/core/1652189928/moodlelogo_grayhat.svg]
[smpn2blitarkota.us.to_2030/admin/tool/dataprivacy/summary.html]
[smpn2blitarkota.us.to_2030/lib/javascript.php/1648805033/lib/requirejs/javascript.php]
[smpn2blitarkota.us.to_2030/media/player/videojs/videojs/video-js.swf]
[smpn2blitarkota.us.to_2030/index.html]
[smpn2blitarkota.us.to_2030/theme/sprite_icons488d.png]
[smpn2blitarkota.us.to_2030/theme/combo77f0]
[smpn2blitarkota.us.to_2030/theme/image.php/boost/core/1652189928/t/expanded.svg]
[smpn2blitarkota.us.to_2030/theme/image.php/boost/core/1652189928/t/collapsed.svg]
[smpn2blitarkota.us.to_2030/theme/image.php/boost/mod_forum/1652189928/t/subscribed.svg]
[smpn2blitarkota.us.to_2030/theme/image.php/boost/mod_forum/1652189928/t/unsubscribed.svg]
[smpn2blitarkota.us.to_2030/theme/image.php/boost/core/1652189928/t/print.svg]
[smpn2blitarkota.us.to_2030/theme/image.php/boost/quiz/1652189928/navflagged.png]
[smpn2blitarkota.us.to_2030/mod/wiki/pix/attachment.png]
[smpn2blitarkota.us.to_2030/theme/image.php/boost/mod_workshop/1652189928/userplan/task-todo.svg]
[smpn2blitarkota.us.to_2030/theme/image.php/boost/mod_workshop/1652189928/userplan/task-done.svg]
[smpn2blitarkota.us.to_2030/theme/image.php/boost/mod_workshop/1652189928/userplan/task-fail.svg]
[smpn2blitarkota.us.to_2030/theme/image.php/boost/mod_workshop/1652189928/userplan/task-info.svg]
[smpn2blitarkota.us.to_2030/theme/image.php/boost/core/1652189928/t/collapsed_empty.svg]
[smpn2blitarkota.us.to_2030/theme/image.php/boost/core/1652189928/i/loading_small.gif]
[smpn2blitarkota.us.to_2030/theme/styles.php/boost/1652189928_1/styles.php]
[smpn2blitarkota.us.to_2030/login/index.html]
[smpn2blitarkota.us.to_2030/login/forgot_password.html]
[smpn2blitarkota.us.to_2030/course/index.html]
[smpn2blitarkota.us.to_2030/course/indexdb90.html]
[smpn2blitarkota.us.to_2030/course/index186a.html]
[smpn2blitarkota.us.to_2030/theme/image.php/boost/core/1652189928/moodlelogo_grayhat.svg]
[smpn2blitarkota.us.to_2030/admin/tool/dataprivacy/summary.html]
[smpn2blitarkota.us.to_2030/theme/image.php/boost/core/1652189928/t/expanded.svg]
[smpn2blitarkota.us.to_2030/theme/image.php/boost/core/1652189928/t/collapsed.svg]
[smpn2blitarkota.us.to_2030/theme/image.php/boost/mod_forum/1652189928/t/subscribed.svg]
[smpn2blitarkota.us.to_2030/theme/image.php/boost/mod_forum/1652189928/t/unsubscribed.svg]
[smpn2blitarkota.us.to_2030/theme/image.php/boost/core/1652189928/t/print.svg]
[smpn2blitarkota.us.to_2030/theme/image.php/boost/mod_workshop/1652189928/userplan/task-todo.svg]
[smpn2blitarkota.us.to_2030/theme/image.php/boost/mod_workshop/1652189928/userplan/task-done.svg]
[smpn2blitarkota.us.to_2030/theme/image.php/boost/mod_workshop/1652189928/userplan/task-fail.svg]
[smpn2blitarkota.us.to_2030/theme/image.php/boost/mod_workshop/1652189928/userplan/task-info.svg]
[smpn2blitarkota.us.to_2030/theme/image.php/boost/core/1652189928/t/collapsed_empty.svg]
[smpn2blitarkota.us.to_2030/login/forgot_password.html]
[smpn2blitarkota.us.to_2030/course/index.html]
